// Jest Snapshot v1, https://goo.gl/fbAQLP

exports[`flexbox should return any gap value 1`] = `":root{--space-1:5px;--space-2:10px;--space-3:15px;--space-4:20px;--space-5:25px;--space-6:35px;--fonts-system:system-ui;}.sxsowz6{--raam-fg-t:40px;--raam-fg-l:40px;--raam-fg-offset:calc(40px * -0.5);--raam-fg:calc(40px * 0.5);margin:var(--raam-fg-offset, initial);box-sizing:border-box;min-width:0;padding-left:0;list-style-type:none;display:flex;}.sxsowz6 > *:first-child{box-sizing:border-box;min-width:0;margin-top:var(--raam-fg, initial);margin-right:var(--raam-fg, initial);margin-bottom:var(--raam-fg, initial);margin-left:var(--raam-fg, initial);}.sxsowz6 > *:not(:first-child){box-sizing:border-box;min-width:0;margin-top:var(--raam-fg, var(--raam-fg-t, initial));margin-right:var(--raam-fg, initial);margin-bottom:var(--raam-fg, initial);margin-left:var(--raam-fg, var(--raam-fg-l, initial));}"`;

exports[`flexbox should return responsive themed gap 1`] = `":root{--space-1:5px;--space-2:10px;--space-3:15px;--space-4:20px;--space-5:25px;--space-6:35px;--fonts-system:system-ui;}.sxsowz6{--raam-fg-t:40px;--raam-fg-l:40px;--raam-fg-offset:calc(40px * -0.5);--raam-fg:calc(40px * 0.5);margin:var(--raam-fg-offset, initial);box-sizing:border-box;min-width:0;padding-left:0;list-style-type:none;display:flex;}.sxsowz6 > *:first-child{box-sizing:border-box;min-width:0;margin-top:var(--raam-fg, initial);margin-right:var(--raam-fg, initial);margin-bottom:var(--raam-fg, initial);margin-left:var(--raam-fg, initial);}.sxsowz6 > *:not(:first-child){box-sizing:border-box;min-width:0;margin-top:var(--raam-fg, var(--raam-fg-t, initial));margin-right:var(--raam-fg, initial);margin-bottom:var(--raam-fg, initial);margin-left:var(--raam-fg, var(--raam-fg-l, initial));}.sxlap7x{--raam-fg-t:var(--4);--raam-fg-l:var(--4);--raam-fg-offset:calc(var(--4) * -0.5);--raam-fg:calc(var(--4) * 0.5);margin:var(--raam-fg-offset, initial);box-sizing:border-box;min-width:0;padding-left:0;list-style-type:none;display:flex;}.sxlap7x > *:first-child{box-sizing:border-box;min-width:0;margin-top:var(--raam-fg, initial);margin-right:var(--raam-fg, initial);margin-bottom:var(--raam-fg, initial);margin-left:var(--raam-fg, initial);}.sxlap7x > *:not(:first-child){box-sizing:border-box;min-width:0;margin-top:var(--raam-fg, var(--raam-fg-t, initial));margin-right:var(--raam-fg, initial);margin-bottom:var(--raam-fg, initial);margin-left:var(--raam-fg, var(--raam-fg-l, initial));}.sxrx0aj{--raam-fg-t:var(--4);--raam-fg-l:var(--4);--raam-fg-offset:calc(var(--4) * -0.5);--raam-fg:calc(var(--4) * 0.5);margin:var(--raam-fg-offset, initial);box-sizing:border-box;min-width:0;padding-left:0;list-style-type:none;display:flex;}.sxrx0aj > *:first-child{box-sizing:border-box;min-width:0;margin-top:var(--raam-fg, initial);margin-right:var(--raam-fg, initial);margin-bottom:var(--raam-fg, initial);margin-left:var(--raam-fg, initial);}.sxrx0aj > *:not(:first-child){box-sizing:border-box;min-width:0;margin-top:var(--raam-fg, var(--raam-fg-t, initial));margin-right:var(--raam-fg, initial);margin-bottom:var(--raam-fg, initial);margin-left:var(--raam-fg, var(--raam-fg-l, initial));}@media (min-width: 520px){.sxrx0aj{--raam-fg-t:var(--6);--raam-fg-l:var(--6);--raam-fg-offset:calc(var(--6) * -0.5);--raam-fg:calc(var(--6) * 0.5);margin:var(--raam-fg-offset, initial);box-sizing:border-box;min-width:0;padding-left:0;list-style-type:none;display:flex;}.sxrx0aj > *:first-child{box-sizing:border-box;min-width:0;margin-top:var(--raam-fg, initial);margin-right:var(--raam-fg, initial);margin-bottom:var(--raam-fg, initial);margin-left:var(--raam-fg, initial);}.sxrx0aj > *:not(:first-child){box-sizing:border-box;min-width:0;margin-top:var(--raam-fg, var(--raam-fg-t, initial));margin-right:var(--raam-fg, initial);margin-bottom:var(--raam-fg, initial);margin-left:var(--raam-fg, var(--raam-fg-l, initial));}}"`;

exports[`flexbox should return with themed gap 1`] = `":root{--space-1:5px;--space-2:10px;--space-3:15px;--space-4:20px;--space-5:25px;--space-6:35px;--fonts-system:system-ui;}.sxsowz6{--raam-fg-t:40px;--raam-fg-l:40px;--raam-fg-offset:calc(40px * -0.5);--raam-fg:calc(40px * 0.5);margin:var(--raam-fg-offset, initial);box-sizing:border-box;min-width:0;padding-left:0;list-style-type:none;display:flex;}.sxsowz6 > *:first-child{box-sizing:border-box;min-width:0;margin-top:var(--raam-fg, initial);margin-right:var(--raam-fg, initial);margin-bottom:var(--raam-fg, initial);margin-left:var(--raam-fg, initial);}.sxsowz6 > *:not(:first-child){box-sizing:border-box;min-width:0;margin-top:var(--raam-fg, var(--raam-fg-t, initial));margin-right:var(--raam-fg, initial);margin-bottom:var(--raam-fg, initial);margin-left:var(--raam-fg, var(--raam-fg-l, initial));}.sxlap7x{--raam-fg-t:var(--4);--raam-fg-l:var(--4);--raam-fg-offset:calc(var(--4) * -0.5);--raam-fg:calc(var(--4) * 0.5);margin:var(--raam-fg-offset, initial);box-sizing:border-box;min-width:0;padding-left:0;list-style-type:none;display:flex;}.sxlap7x > *:first-child{box-sizing:border-box;min-width:0;margin-top:var(--raam-fg, initial);margin-right:var(--raam-fg, initial);margin-bottom:var(--raam-fg, initial);margin-left:var(--raam-fg, initial);}.sxlap7x > *:not(:first-child){box-sizing:border-box;min-width:0;margin-top:var(--raam-fg, var(--raam-fg-t, initial));margin-right:var(--raam-fg, initial);margin-bottom:var(--raam-fg, initial);margin-left:var(--raam-fg, var(--raam-fg-l, initial));}"`;
